<?xml version="1.0" encoding="utf-8"?>
<CatapultTargetOutput
  GeneratedTarget="/Output/shubhani_rawat/yoga&amp;diet_PDF/yoga&amp;diet_PDF.pdf"
  BuildVersion="21.1.9396.41248">
  <Files>
    <Url
      Source="Output/shubhani_rawat/Temporary/yoga&amp;diet_PDF/yoga&amp;diet_PDF_17B7B7F7/Resources/Images/diet/quinoa_salad.jpg" />
    <Url
      Source="Output/shubhani_rawat/yoga&amp;diet_PDF/yoga&amp;diet_PDF.pdf" />
    <Url
      Source="Output/shubhani_rawat/Temporary/yoga&amp;diet_PDF/yoga&amp;diet_PDF_17B7B7F7/Resources/Images/cover.jpg" />
    <Url
      Source="Output/shubhani_rawat/Temporary/yoga&amp;diet_PDF/yoga&amp;diet_PDF_17B7B7F7/Resources/Images/diet/body_fuel_connect.jpg" />
    <Url
      Source="Output/shubhani_rawat/Temporary/yoga&amp;diet_PDF/yoga&amp;diet_PDF_17B7B7F7/Resources/Images/diet/khichdi.jpg" />
    <Url
      Source="Output/shubhani_rawat/Temporary/yoga&amp;diet_PDF/yoga&amp;diet_PDF_17B7B7F7/Resources/Images/yoga_asanas/surya-namaskar.jpg" />
    <Url
      Source="Output/shubhani_rawat/Temporary/yoga&amp;diet_PDF/yoga&amp;diet_PDF_17B7B7F7/Resources/Branding/Branding.css" />
    <Url
      Source="Output/shubhani_rawat/Temporary/yoga&amp;diet_PDF/yoga&amp;diet_PDF_17B7B7F7/Resources/Images/diet/herbal_natural_supports.jpg" />
    <Url
      Source="Output/shubhani_rawat/Temporary/yoga&amp;diet_PDF/yoga&amp;diet_PDF_17B7B7F7/Resources/Images/yoga_asanas/wellness_wheel.png" />
    <Url
      Source="Output/shubhani_rawat/Temporary/yoga&amp;diet_PDF/yoga&amp;diet_PDF_17B7B7F7/Resources/Stylesheets/Styles.css" />
    <Url
      Source="Output/shubhani_rawat/Temporary/yoga&amp;diet_PDF/yoga&amp;diet_PDF_17B7B7F7/Resources/Images/yoga_asanas/The_Spiritual_Connection_Yoga_Poses_Named_After_Hindu_Gods_0005.jpg" />
  </Files>
  <Skins />
</CatapultTargetOutput>